[    0.000000] Linux version 4.15.0-212-generic (buildd@lcy02-amd64-083) (gcc version 7.5.0 (Ubuntu 7.5.0-3ubuntu1~18.04)) #223-Ubuntu SMP Tue May 23 13:09:22 UTC 2023 (Ubuntu 4.15.0-212.223-generic 4.15.18)
[    0.000000] Command line: BOOT_IMAGE=/boot/vmlinuz-4.15.0-212-generic root=LABEL=cloudimg-rootfs ro console=tty1 console=ttyS0
[    0.000000] KERNEL supported cpus:
[    0.000000]   Intel GenuineIntel
[    0.000000]   AMD AuthenticAMD
[    0.000000]   Centaur CentaurHauls
[    0.000000] x86/fpu: x87 FPU will use FXSAVE
[    0.000000] e820: BIOS-provided physical RAM map:
[    0.000000] BIOS-e820: [mem 0x0000000000000000-0x000000000009fbff] usable
[    0.000000] BIOS-e820: [mem 0x000000000009fc00-0x000000000009ffff] reserved
[    0.000000] BIOS-e820: [mem 0x00000000000f0000-0x00000000000fffff] reserved
[    0.000000] BIOS-e820: [mem 0x0000000000100000-0x000000007ffeffff] usable
[    0.000000] BIOS-e820: [mem 0x000000007fff0000-0x000000007fffffff] ACPI data
[    0.000000] BIOS-e820: [mem 0x00000000fec00000-0x00000000fec00fff] reserved
[    0.000000] BIOS-e820: [mem 0x00000000fee00000-0x00000000fee00fff] reserved
[    0.000000] BIOS-e820: [mem 0x00000000fffc0000-0x00000000ffffffff] reserved
[    0.000000] NX (Execute Disable) protection: active
[    0.000000] SMBIOS 2.5 present.
[    0.000000] DMI: innotek GmbH VirtualBox/VirtualBox, BIOS VirtualBox 12/01/2006
[    0.000000] Hypervisor detected: KVM
[    0.000000] e820: last_pfn = 0x7fff0 max_arch_pfn = 0x400000000
[    0.000000] MTRR: Disabled
[    0.000000] x86/PAT: MTRRs disabled, skipping PAT initialization too.
[    0.000000] CPU MTRRs all blank - virtualized system.
[    0.000000] x86/PAT: Configuration [0-7]: WB  WT  UC- UC  WB  WT  UC- UC  
[    0.000000] found SMP MP-table at [mem 0x0009fff0-0x0009ffff]
[    0.000000] Scanning 1 areas for low memory corruption
[    0.000000] RAMDISK: [mem 0x359cb000-0x36cdcfff]
[    0.000000] ACPI: Early table checksum verification disabled
[    0.000000] ACPI: RSDP 0x00000000000E0000 000024 (v02 VBOX  )
[    0.000000] ACPI: XSDT 0x000000007FFF0030 00003C (v01 VBOX   VBOXXSDT 00000001 ASL  00000061)
[    0.000000] ACPI: FACP 0x000000007FFF00F0 0000F4 (v04 VBOX   VBOXFACP 00000001 ASL  00000061)
[    0.000000] ACPI: DSDT 0x000000007FFF0610 002353 (v02 VBOX   VBOXBIOS 00000002 INTL 20100528)
[    0.000000] ACPI: FACS 0x000000007FFF0200 000040
[    0.000000] ACPI: FACS 0x000000007FFF0200 000040
[    0.000000] ACPI: APIC 0x000000007FFF0240 00005C (v02 VBOX   VBOXAPIC 00000001 ASL  00000061)
[    0.000000] ACPI: SSDT 0x000000007FFF02A0 00036C (v01 VBOX   VBOXCPUT 00000002 INTL 20100528)
[    0.000000] ACPI: Reserving FACP table memory at [mem 0x7fff00f0-0x7fff01e3]
[    0.000000] ACPI: Reserving DSDT table memory at [mem 0x7fff0610-0x7fff2962]
[    0.000000] ACPI: Reserving FACS table memory at [mem 0x7fff0200-0x7fff023f]
[    0.000000] ACPI: Reserving FACS table memory at [mem 0x7fff0200-0x7fff023f]
[    0.000000] ACPI: Reserving APIC table memory at [mem 0x7fff0240-0x7fff029b]
[    0.000000] ACPI: Reserving SSDT table memory at [mem 0x7fff02a0-0x7fff060b]
[    0.000000] No NUMA configuration found
[    0.000000] Faking a node at [mem 0x0000000000000000-0x000000007ffeffff]
[    0.000000] NODE_DATA(0) allocated [mem 0x7ffc5000-0x7ffeffff]
[    0.000000] kvm-clock: cpu 0, msr 0:7ff44001, primary cpu clock
[    0.000000] kvm-clock: Using msrs 4b564d01 and 4b564d00
[    0.000000] kvm-clock: using sched offset of 6695576011 cycles
[    0.000000] clocksource: kvm-clock: mask: 0xffffffffffffffff max_cycles: 0x1cd42e4dffb, max_idle_ns: 881590591483 ns
[    0.000000] Zone ranges:
[    0.000000]   DMA      [mem 0x0000000000001000-0x0000000000ffffff]
[    0.000000]   DMA32    [mem 0x0000000001000000-0x000000007ffeffff]
[    0.000000]   Normal   empty
[    0.000000]   Device   empty
[    0.000000] Movable zone start for each node
[    0.000000] Early memory node ranges
[    0.000000]   node   0: [mem 0x0000000000001000-0x000000000009efff]
[    0.000000]   node   0: [mem 0x0000000000100000-0x000000007ffeffff]
[    0.000000] Reserved but unavailable: 104 pages
[    0.000000] Initmem setup node 0 [mem 0x0000000000001000-0x000000007ffeffff]
[    0.000000] ACPI: PM-Timer IO Port: 0x4008
[    0.000000] IOAPIC[0]: apic_id 2, version 32, address 0xfec00000, GSI 0-23
[    0.000000] ACPI: INT_SRC_OVR (bus 0 bus_irq 0 global_irq 2 dfl dfl)
[    0.000000] ACPI: INT_SRC_OVR (bus 0 bus_irq 9 global_irq 9 low level)
[    0.000000] Using ACPI (MADT) for SMP configuration information
[    0.000000] smpboot: Allowing 2 CPUs, 0 hotplug CPUs
[    0.000000] PM: Registered nosave memory: [mem 0x00000000-0x00000fff]
[    0.000000] PM: Registered nosave memory: [mem 0x0009f000-0x0009ffff]
[    0.000000] PM: Registered nosave memory: [mem 0x000a0000-0x000effff]
[    0.000000] PM: Registered nosave memory: [mem 0x000f0000-0x000fffff]
[    0.000000] e820: [mem 0x80000000-0xfebfffff] available for PCI devices
[    0.000000] Booting paravirtualized kernel on KVM
[    0.000000] clocksource: refined-jiffies: mask: 0xffffffff max_cycles: 0xffffffff, max_idle_ns: 7645519600211568 ns
[    0.000000] setup_percpu: NR_CPUS:8192 nr_cpumask_bits:2 nr_cpu_ids:2 nr_node_ids:1
[    0.000000] percpu: Embedded 50 pages/cpu s167936 r8192 d28672 u1048576
[    0.000000] PV qspinlock hash table entries: 256 (order: 0, 4096 bytes)
[    0.000000] Built 1 zonelists, mobility grouping on.  Total pages: 515961
[    0.000000] Policy zone: DMA32
[    0.000000] Kernel command line: BOOT_IMAGE=/boot/vmlinuz-4.15.0-212-generic root=LABEL=cloudimg-rootfs ro console=tty1 console=ttyS0
[    0.000000] Memory: 2014836K/2096696K available (12300K kernel code, 2477K rwdata, 4324K rodata, 2480K init, 2720K bss, 81860K reserved, 0K cma-reserved)
[    0.000000] SLUB: HWalign=64, Order=0-3, MinObjects=0, CPUs=2, Nodes=1
[    0.000000] ftrace: allocating 39508 entries in 155 pages
[    0.004000] Hierarchical RCU implementation.
[    0.004000] 	RCU restricting CPUs from NR_CPUS=8192 to nr_cpu_ids=2.
[    0.004000] 	Tasks RCU enabled.
[    0.004000] RCU: Adjusting geometry for rcu_fanout_leaf=16, nr_cpu_ids=2
[    0.004000] NR_IRQS: 524544, nr_irqs: 440, preallocated irqs: 16
[    0.004000] random: crng init done
[    0.004000] Console: colour VGA+ 80x25
[    0.004000] console [tty1] enabled
[    0.004000] console [ttyS0] enabled
[    0.004000] ACPI: Core revision 20170831
[    0.004000] ACPI: 2 ACPI AML tables successfully acquired and loaded
[    0.004000] APIC: Switch to symmetric I/O mode setup
[    0.004000] ..TIMER: vector=0x30 apic1=0 pin1=2 apic2=-1 pin2=-1
[    0.004019] tsc: Detected 3110.400 MHz processor
[    0.008023] Calibrating delay loop (skipped) preset value.. 6220.80 BogoMIPS (lpj=12441600)
[    0.012015] pid_max: default: 32768 minimum: 301
[    0.020043] Security Framework initialized
[    0.024018] Yama: becoming mindful.
[    0.028388] AppArmor: AppArmor initialized
[    0.074210] Dentry cache hash table entries: 262144 (order: 9, 2097152 bytes)
[    0.096000] Inode-cache hash table entries: 131072 (order: 8, 1048576 bytes)
[    0.096644] Mount-cache hash table entries: 4096 (order: 3, 32768 bytes)
[    0.104289] Mountpoint-cache hash table entries: 4096 (order: 3, 32768 bytes)
[    0.118338] Last level iTLB entries: 4KB 0, 2MB 0, 4MB 0
[    0.120009] Last level dTLB entries: 4KB 0, 2MB 0, 4MB 0, 1GB 0
[    0.124010] Spectre V1 : Mitigation: usercopy/swapgs barriers and __user pointer sanitization
[    0.128016] Spectre V2 : Mitigation: Enhanced IBRS
[    0.132010] Spectre V2 : Spectre v2 / SpectreRSB mitigation: Filling RSB on context switch
[    0.136008] Spectre V2 : Spectre v2 / PBRSB-eIBRS: Retire a single CALL on VMEXIT
[    0.140012] RETBleed: Mitigation: Enhanced IBRS
[    0.144012] Speculative Store Bypass: Vulnerable
[    0.148510] Freeing SMP alternatives memory: 36K
[    0.269260] smpboot: CPU0: 12th Gen Intel(R) Core(TM) i5-12500H (family: 0x6, model: 0x9a, stepping: 0x3)
[    0.274073] Performance Events: unsupported p6 CPU model 154 no PMU driver, software events only.
[    0.276786] Hierarchical SRCU implementation.
[    0.284366] NMI watchdog: Perf event create on CPU 0 failed with -2
[    0.288013] NMI watchdog: Perf NMI watchdog permanently disabled
[    0.293484] smp: Bringing up secondary CPUs ...
[    0.301520] x86: Booting SMP configuration:
[    0.304018] .... node  #0, CPUs:      #1
[    0.004000] kvm-clock: cpu 1, msr 0:7ff44041, secondary cpu clock
[    0.350810] TSC synchronization [CPU#0 -> CPU#1]:
[    0.352000] Measured 88606 cycles TSC warp between CPUs, turning off TSC clock.
[    0.352000] tsc: Marking TSC unstable due to check_tsc_sync_source failed
[    0.357044] smp: Brought up 1 node, 2 CPUs
[    0.360026] smpboot: Max logical packages: 1
[    0.364019] smpboot: Total of 2 processors activated (12441.60 BogoMIPS)
[    0.376035] devtmpfs: initialized
[    0.384289] x86/mm: Memory block size: 128MB
[    0.390263] evm: security.selinux
[    0.392014] evm: security.SMACK64
[    0.396008] evm: security.SMACK64EXEC
[    0.400017] evm: security.SMACK64TRANSMUTE
[    0.404013] evm: security.SMACK64MMAP
[    0.408015] evm: security.apparmor
[    0.412012] evm: security.ima
[    0.416013] evm: security.capability
[    0.424475] clocksource: jiffies: mask: 0xffffffff max_cycles: 0xffffffff, max_idle_ns: 7645041785100000 ns
[    0.480468] futex hash table entries: 512 (order: 3, 32768 bytes)
[    0.521168] pinctrl core: initialized pinctrl subsystem
[    0.553982] RTC time: 10:37:01, date: 09/01/23
[    0.585851] NET: Registered protocol family 16
[    0.612484] audit: initializing netlink subsys (disabled)
[    0.644862] audit: type=2000 audit(1693564626.759:1): state=initialized audit_enabled=0 res=1
[    0.652148] cpuidle: using governor ladder
[    0.672049] cpuidle: using governor menu
[    0.688130] ACPI: bus type PCI registered
[    0.704009] acpiphp: ACPI Hot Plug PCI Controller Driver version: 0.5
[    0.728287] PCI: Using configuration type 1 for base access
[    0.764572] HugeTLB registered 2.00 MiB page size, pre-allocated 0 pages
[    0.804889] ACPI: Added _OSI(Module Device)
[    0.824027] ACPI: Added _OSI(Processor Device)
[    0.848021] ACPI: Added _OSI(3.0 _SCP Extensions)
[    0.868014] ACPI: Added _OSI(Processor Aggregator Device)
[    0.892021] ACPI: Added _OSI(Linux-Dell-Video)
[    0.912015] ACPI: Added _OSI(Linux-Lenovo-NV-HDMI-Audio)
[    0.936024] ACPI: Added _OSI(Linux-HPI-Hybrid-Graphics)
[    0.964638] ACPI: Executed 1 blocks of module-level executable AML code
[    0.994578] ACPI: Interpreter enabled
[    1.012056] ACPI: (supports S0 S5)
[    1.028013] ACPI: Using IOAPIC for interrupt routing
[    1.052084] PCI: Using host bridge windows from ACPI; if necessary, use "pci=nocrs" and report a bug
[    1.085101] ACPI: Enabled 2 GPEs in block 00 to 07
[    1.134086] ACPI: PCI Root Bridge [PCI0] (domain 0000 [bus 00-ff])
[    1.156071] acpi PNP0A03:00: _OSC: OS supports [ASPM ClockPM Segments MSI]
[    1.189152] acpi PNP0A03:00: _OSC: not requesting OS control; OS requires [ExtendedConfig ASPM ClockPM MSI]
[    1.224077] acpi PNP0A03:00: fail to add MMCONFIG information, can't access extended PCI configuration space under this bridge.
[    1.265734] PCI host bridge to bus 0000:00
[    1.280015] pci_bus 0000:00: root bus resource [io  0x0000-0x0cf7 window]
[    1.304015] pci_bus 0000:00: root bus resource [io  0x0d00-0xffff window]
[    1.328027] pci_bus 0000:00: root bus resource [mem 0x000a0000-0x000bffff window]
[    1.352020] pci_bus 0000:00: root bus resource [mem 0x80000000-0xfdffffff window]
[    1.376018] pci_bus 0000:00: root bus resource [bus 00-ff]
[    1.428968] pci 0000:00:01.1: legacy IDE quirk: reg 0x10: [io  0x01f0-0x01f7]
[    1.456023] pci 0000:00:01.1: legacy IDE quirk: reg 0x14: [io  0x03f6]
[    1.488022] pci 0000:00:01.1: legacy IDE quirk: reg 0x18: [io  0x0170-0x0177]
[    1.520023] pci 0000:00:01.1: legacy IDE quirk: reg 0x1c: [io  0x0376]
[    1.644429] pci 0000:00:07.0: quirk: [io  0x4000-0x403f] claimed by PIIX4 ACPI
[    1.672178] pci 0000:00:07.0: quirk: [io  0x4100-0x410f] claimed by PIIX4 SMB
[    1.746245] ACPI: PCI Interrupt Link [LNKA] (IRQs 5 9 10 *11)
[    1.774318] ACPI: PCI Interrupt Link [LNKB] (IRQs 5 9 *10 11)
[    1.793130] ACPI: PCI Interrupt Link [LNKC] (IRQs 5 *9 10 11)
[    1.816939] ACPI: PCI Interrupt Link [LNKD] (IRQs 5 9 10 *11)
[    1.849767] SCSI subsystem initialized
[    1.869016] pci 0000:00:02.0: vgaarb: setting as boot VGA device
[    1.872000] pci 0000:00:02.0: vgaarb: VGA device added: decodes=io+mem,owns=io+mem,locks=none
[    1.920017] pci 0000:00:02.0: vgaarb: bridge control possible
[    1.932009] vgaarb: loaded
[    1.940135] ACPI: bus type USB registered
[    1.956184] usbcore: registered new interface driver usbfs
[    1.980060] usbcore: registered new interface driver hub
[    2.004159] usbcore: registered new device driver usb
[    2.029044] EDAC MC: Ver: 3.0.0
[    2.052606] PCI: Using ACPI for IRQ routing
[    2.074292] NetLabel: Initializing
[    2.092018] NetLabel:  domain hash size = 128
[    2.112023] NetLabel:  protocols = UNLABELED CIPSOv4 CALIPSO
[    2.136251] NetLabel:  unlabeled traffic allowed by default
[    2.168783] clocksource: Switched to clocksource kvm-clock
[    2.341725] VFS: Disk quotas dquot_6.6.0
[    2.352331] VFS: Dquot-cache hash table entries: 512 (order 0, 4096 bytes)
[    2.379521] AppArmor: AppArmor Filesystem Enabled
[    2.395697] pnp: PnP ACPI init
[    2.409568] pnp: PnP ACPI: found 3 devices
[    2.447340] clocksource: acpi_pm: mask: 0xffffff max_cycles: 0xffffff, max_idle_ns: 2085701024 ns
[    2.485434] NET: Registered protocol family 2
[    2.508170] IP idents hash table entries: 32768 (order: 6, 262144 bytes)
[    2.534254] TCP established hash table entries: 16384 (order: 5, 131072 bytes)
[    2.559322] TCP bind hash table entries: 16384 (order: 6, 262144 bytes)
[    2.585707] TCP: Hash tables configured (established 16384 bind 16384)
[    2.610820] UDP hash table entries: 1024 (order: 3, 32768 bytes)
[    2.636271] UDP-Lite hash table entries: 1024 (order: 3, 32768 bytes)
[    2.665931] NET: Registered protocol family 1
[    2.685316] pci 0000:00:00.0: Limiting direct PCI/PCI transfers
[    2.710432] pci 0000:00:01.0: Activating ISA DMA hang workarounds
[    2.729921] pci 0000:00:02.0: Video device with shadowed ROM at [mem 0x000c0000-0x000dffff]
[    2.758389] Unpacking initramfs...
[    4.072285] Freeing initrd memory: 19528K
[    4.300917] clocksource: tsc: mask: 0xffffffffffffffff max_cycles: 0x2cd5a8bb032, max_idle_ns: 440795365915 ns
[    4.332214] platform rtc_cmos: registered platform RTC device (no PNP device found)
[    4.359538] Scanning for low memory corruption every 60 seconds
[    4.384148] Initialise system trusted keyrings
[    4.403184] Key type blacklist registered
[    4.422185] workingset: timestamp_bits=36 max_order=19 bucket_order=0
[    4.449465] zbud: loaded
[    4.472359] squashfs: version 4.0 (2009/01/31) Phillip Lougher
[    4.494559] fuse init (API version 7.26)
[    4.580559] Key type asymmetric registered
[    4.591812] Asymmetric key parser 'x509' registered
[    4.604675] Block layer SCSI generic (bsg) driver version 0.4 loaded (major 246)
[    4.633130] io scheduler noop registered
[    4.651231] io scheduler deadline registered
[    4.670221] io scheduler cfq registered (default)
[    4.694132] ACPI: AC Adapter [AC] (on-line)
[    4.713854] input: Power Button as /devices/LNXSYSTM:00/LNXPWRBN:00/input/input0
[    4.746220] ACPI: Power Button [PWRF]
[    4.763385] input: Sleep Button as /devices/LNXSYSTM:00/LNXSLPBN:00/input/input1
[    4.795998] ACPI: Sleep Button [SLPF]
[    4.815348] Serial: 8250/16550 driver, 32 ports, IRQ sharing enabled
[    4.821384] ACPI: Battery Slot [BAT0] (battery present)
[    4.923731] 00:02: ttyS0 at I/O 0x3f8 (irq = 4, base_baud = 115200) is a 16550A
[    4.957210] Linux agpgart interface v0.103
[    5.000698] loop: module loaded
[    5.017950] scsi host0: ata_piix
[    5.029850] scsi host1: ata_piix
[    5.043370] ata1: PATA max UDMA/33 cmd 0x1f0 ctl 0x3f6 bmdma 0xd000 irq 14
[    5.068488] ata2: PATA max UDMA/33 cmd 0x170 ctl 0x376 bmdma 0xd008 irq 15
[    5.094885] tun: Universal TUN/TAP device driver, 1.6
[    5.115293] PPP generic driver version 2.4.2
[    5.129668] ehci_hcd: USB 2.0 'Enhanced' Host Controller (EHCI) Driver
[    5.151617] ehci-pci: EHCI PCI platform driver
[    5.167579] ehci-platform: EHCI generic platform driver
[    5.188381] ohci_hcd: USB 1.1 'Open' Host Controller (OHCI) Driver
[    5.211617] ohci-pci: OHCI PCI platform driver
[    5.228885] ohci-platform: OHCI generic platform driver
[    5.249156] uhci_hcd: USB Universal Host Controller Interface driver
[    5.272069] i8042: PNP: PS/2 Controller [PNP0303:PS2K,PNP0f03:PS2M] at 0x60,0x64 irq 1,12
[    5.317832] serio: i8042 KBD port at 0x60,0x64 irq 1
[    5.337202] serio: i8042 AUX port at 0x60,0x64 irq 12
[    5.424317] mousedev: PS/2 mouse device common for all mice
[    5.462767] rtc_cmos rtc_cmos: rtc core: registered rtc_cmos as rtc0
[    5.489662] input: AT Translated Set 2 keyboard as /devices/platform/i8042/serio0/input/input2
[    5.491029] rtc_cmos rtc_cmos: alarms up to one day, 114 bytes nvram
[    5.552675] i2c /dev entries driver
[    5.571361] device-mapper: uevent: version 1.0.3
[    5.595864] device-mapper: ioctl: 4.37.0-ioctl (2017-09-20) initialised: dm-devel@redhat.com
[    5.633191] ledtrig-cpu: registered to indicate activity on CPUs
[    5.671479] NET: Registered protocol family 10
[    5.728870] Segment Routing with IPv6
[    5.739488] NET: Registered protocol family 17
[    5.758955] Key type dns_resolver registered
[    5.779239] mce: Using 0 MCE banks
[    5.795142] RAS: Correctable Errors collector initialized.
[    5.817675] sched_clock: Marking stable (5817505297, 0)->(9147354742, -3329849445)
[    5.864147] registered taskstats version 1
[    5.883633] Loading compiled-in X.509 certificates
[    5.925461] Loaded X.509 cert 'Build time autogenerated kernel key: b5b26778eaa3ab3a4a6cee031137706e947d12ad'
[    5.968861] Loaded X.509 cert 'Canonical Ltd. Live Patch Signing: 14df34d1a87cf37625abec039ef2bf521249b969'
[    5.998540] Loaded X.509 cert 'Canonical Ltd. Kernel Module Signing: 88f752e560a1e0737e31163a466ad7b70a850c19'
[    6.033934] blacklist: Loading compiled-in revocation X.509 certificates
[    6.054890] Loaded X.509 cert 'Canonical Ltd. Secure Boot Signing: 61482aa2830d0ab2ad5af10b7250da9033ddcef0'
[    6.089348] Loaded X.509 cert 'Canonical Ltd. Secure Boot Signing (2017): 242ade75ac4a15e50d50c84b0d45ff3eae707a03'
[    6.117182] Loaded X.509 cert 'Canonical Ltd. Secure Boot Signing (ESM 2018): 365188c1d374d6b07c3c8f240f8ef722433d6a8b'
[    6.151321] Loaded X.509 cert 'Canonical Ltd. Secure Boot Signing (2019): c0746fd6c5da3ae827864651ad66ae47fe24b3e8'
[    6.179780] Loaded X.509 cert 'Canonical Ltd. Secure Boot Signing (2021 v1): a8d54bbb3825cfb94fa13c9f8a594a195c107b8d'
[    6.221910] Loaded X.509 cert 'Canonical Ltd. Secure Boot Signing (2021 v2): 4cf046892d6fd3c9a5b03f98d845f90851dc6a8c'
[    6.253768] Loaded X.509 cert 'Canonical Ltd. Secure Boot Signing (2021 v3): 100437bb6de6e469b581e61cd66bce3ef4ed53af'
[    6.292241] Loaded X.509 cert 'Canonical Ltd. Secure Boot Signing (Ubuntu Core 2019): c1d57b8f6b743f23ee41f4f7ee292f06eecadfb9'
[    6.333008] zswap: loaded using pool lzo/zbud
[    6.390238] Key type big_key registered
[    6.406415] Key type trusted registered
[    6.431017] Key type encrypted registered
[    6.444718] AppArmor: AppArmor sha1 policy hashing enabled
[    6.463082] ima: No TPM chip found, activating TPM-bypass! (rc=-19)
[    6.483841] ima: Allocated hash algorithm: sha1
[    6.497543] evm: HMAC attrs: 0x1
[    6.507283]   Magic number: 7:732:627
[    6.523965] rtc_cmos rtc_cmos: setting system clock to 2023-09-01 10:37:07 UTC (1693564627)
[    6.550365] BIOS EDD facility v0.16 2004-Jun-25, 0 devices found
[    6.573615] EDD information not available.
[    6.601763] Freeing unused kernel image memory: 2480K
[    6.640764] Write protecting the kernel read-only data: 20480k
[    6.669420] Freeing unused kernel image memory: 2008K
[    6.689364] Freeing unused kernel image memory: 1820K
[    6.714493] x86/mm: Checked W+X mappings: passed, no W+X pages found.
Loading, please wait...
starting version 237
[    7.076025] e1000: Intel(R) PRO/1000 Network Driver - version 7.3.21-k8-NAPI
[    7.099325] e1000: Copyright (c) 1999-2006 Intel Corporation.
[    7.143901] Fusion MPT base driver 3.04.20
[    7.156449] Copyright (c) 1999-2008 LSI Corporation
[    7.275068] Fusion MPT SPI Host driver 3.04.20
[    7.293791] SSE version of gcm_enc/dec engaged.
[    8.145863] input: ImExPS/2 Generic Explorer Mouse as /devices/platform/i8042/serio1/input/input4
[    8.911648] e1000 0000:00:03.0 eth0: (PCI:33MHz:32-bit) 02:3b:7b:b7:3b:2d
[    8.931667] e1000 0000:00:03.0 eth0: Intel(R) PRO/1000 Network Connection
[    8.957538] mptbase: ioc0: Initiating bringup
[    9.100678] ioc0: LSI53C1030 A0: Capabilities={Initiator}
[    9.423772] scsi host2: ioc0: LSI53C1030 A0, FwRev=00000000h, Ports=1, MaxQ=256, IRQ=20
[    9.621824] scsi 2:0:0:0: Direct-Access     VBOX     HARDDISK         1.0  PQ: 0 ANSI: 5
[   10.209713] scsi target2:0:0: Beginning Domain Validation
[   10.389000] scsi target2:0:0: Domain Validation skipping write tests
[   10.411704] scsi target2:0:0: Ending Domain Validation
[   10.430814] scsi target2:0:0: asynchronous
[   10.449794] scsi 2:0:1:0: Direct-Access     VBOX     HARDDISK         1.0  PQ: 0 ANSI: 5
[   10.844382] scsi target2:0:1: Beginning Domain Validation
[   10.885892] scsi target2:0:1: Domain Validation skipping write tests
[   10.907021] scsi target2:0:1: Ending Domain Validation
[   10.928598] scsi target2:0:1: asynchronous
[   10.987655] sd 2:0:0:0: [sda] 83886080 512-byte logical blocks: (42.9 GB/40.0 GiB)
[   11.015834] sd 2:0:0:0: Attached scsi generic sg0 type 0
[   11.038197] sd 2:0:1:0: Attached scsi generic sg1 type 0
[   11.059294] sd 2:0:1:0: [sdb] 20480 512-byte logical blocks: (10.5 MB/10.0 MiB)
[   11.075400] sd 2:0:0:0: [sda] Write Protect is off
[   11.091054] sd 2:0:1:0: [sdb] Write Protect is off
[   11.107774] sd 2:0:0:0: [sda] Incomplete mode parameter data
[   11.128723] sd 2:0:0:0: [sda] Assuming drive cache: write through
[   11.146893] sd 2:0:1:0: [sdb] Incomplete mode parameter data
[   11.168336] sd 2:0:1:0: [sdb] Assuming drive cache: write through
[   11.203867]  sda: sda1
[   11.223823] sd 2:0:0:0: [sda] Attached SCSI disk
[   11.250208] sd 2:0:1:0: [sdb] Attached SCSI disk
[   11.506716] e1000 0000:00:08.0 eth1: (PCI:33MHz:32-bit) 08:00:27:f1:87:23
[   11.533378] e1000 0000:00:08.0 eth1: Intel(R) PRO/1000 Network Connection
[   11.565069] e1000 0000:00:03.0 enp0s3: renamed from eth0
[   11.598570] e1000 0000:00:08.0 enp0s8: renamed from eth1
Begin: Loading essential drivers ... [   16.059110] raid6: sse2x1   gen() 52265 MB/s
[   18.060732] raid6: sse2x1   xor() 68166 MB/s
[   20.063319] raid6: sse2x2   gen() 153927 MB/s
[   21.109801] raid6: sse2x2   xor()  3772 MB/s
[   21.172237] raid6: sse2x4   gen()  7288 MB/s
[   21.244254] raid6: sse2x4   xor()  4985 MB/s
[   21.259187] raid6: using algorithm sse2x2 gen() 153927 MB/s
[   21.277016] raid6: .... xor() 3772 MB/s, rmw enabled
[   21.292430] raid6: using ssse3x2 recovery algorithm
[   21.314052] xor: measuring software checksum speed
[   21.364636]    prefetch64-sse: 12779.000 MB/sec
[   21.416512]    generic_sse: 10873.000 MB/sec
[   21.424979] xor: using function: prefetch64-sse (12779.000 MB/sec)
[   21.455204] async_tx: api initialized (async)
done.
Begin: Running /scripts/init-premount ... done.
Begin: Mounting root file system ... Begin: Running /scripts/local-top ... done.
Begin: Running /scripts/local-premount ... [   21.659031] Btrfs loaded, crc32c=crc32c-intel
Scanning for Btrfs filesystems
done.
Warning: fsck not present, so skipping root file system
[   21.836025] EXT4-fs (sda1): mounted filesystem with ordered data mode. Opts: (null)
done.
Begin: Running /scripts/local-bottom ... done.
Begin: Running /scripts/init-bottom ... done.
[   22.458659] ip_tables: (C) 2000-2006 Netfilter Core Team
[   22.518741] systemd[1]: systemd 237 running in system mode. (+PAM +AUDIT +SELINUX +IMA +APPARMOR +SMACK +SYSVINIT +UTMP +LIBCRYPTSETUP +GCRYPT +GNUTLS +ACL +XZ +LZ4 +SECCOMP +BLKID +ELFUTILS +KMOD -IDN2 +IDN -PCRE2 default-hierarchy=hybrid)
[   22.576369] systemd[1]: Detected virtualization oracle.
[   22.593722] systemd[1]: Detected architecture x86-64.

Welcome to [1mUbuntu 18.04.6 LTS[0m!

[   22.717915] systemd[1]: Set hostname to <ubuntu>.
[   22.757864] systemd[1]: Initializing machine ID from random generator.
[   22.782015] systemd[1]: Installed transient /etc/machine-id file.
[   23.645471] systemd[1]: Set up automount Arbitrary Executable File Formats File System Automount Point.
[[0;32m  OK  [0m] Set up automount Arbitrary Executabâ€¦rmats File System Automount Point.
[   23.685315] systemd[1]: Reached target User and Group Name Lookups.
[[0;32m  OK  [0m] Reached target User and Group Name Lookups.
[   23.762008] systemd[1]: Created slice System Slice.
[[0;32m  OK  [0m] Created slice System Slice.
[   23.789591] systemd[1]: Listening on fsck to fsckd communication Socket.
[[0;32m  OK  [0m] Listening on fsck to fsckd communication Socket.
[[0;32m  OK  [0m] Listening on Journal Socket.
         Starting Load Kernel Modules...
         Starting File System Check on Root Device...
         Mounting POSIX Message Queue File System...
         Mounting Huge Pages File System...
[[0;32m  OK  [0m] Listening on LVM2 poll daemon socket.
[[   23.919667] Loading iSCSI transport class v2.0-870.
[0;32m  OK  [0m] Listening on Device-mapper event daemon FIFOs.
[[0;32m  OK  [0m] Created slice system-serial\x2dgetty.slice.
[[0;32m  OK  [0m] Listening on Journal Socket (/dev/log).
[[0;32m  OK  [0m] Reached target Swap.
[[0;32m  OK  [0m] Listening on ude[   24.017996] iscsi: registered transport (tcp)
v Control Socket.
[[0;32m  OK  [0m] Reached target Mounting snaps.
[[0;32m  OK  [0m] Reached target Mounted snaps.
         Mounting Kernel Debug File System...
         Starting Set the console keyboard layout...
[[0;32m  OK  [0m] Listening on udev Kernel Socket.
         Starting udev Coldplug all Devices...
[[0;32m  OK  [0m] Reached target System Time Synchronized.
[[0;32m  OK  [0m] Listening on /dev/initctl Compatibility Named Pipe.
[[   24.130122] iscsi: registered transport (iser)
[0;32m  OK  [0m] Created slice User and Session Slice.
[[0;32m  OK  [0m] Listening on Syslog Socket.
[[0;32m  OK  [0m] Listening on LVM2 metadata daemon socket.
         Starting Monitoring of LVM2 mirrorsâ€¦ng dmeventd or progress polling...
[[0;32m  OK  [0m] Listening on Journal Audit Socket.
         Starting Journal Service...
[[0;32m  OK  [0m] Listening on Network Service Netlink Socket.
         Starting Uncomplicated firewall...
[[0;32m  OK  [0m] Started Forward Password Requests to Wall Directory Watch.
         Starting Create list of required stâ€¦ce nodes for the current kernel...
[[0;32m  OK  [0m] Reached target Slices.
[[0;32m  OK  [0m] Started Load Kernel Modules.
[[0;32m  OK  [0m] Started File System Check on Root Device.
[[0;32m  OK  [0m] Mounted POSIX Message Queue File System.
[[0;32m  OK  [0m] Mounted Huge Pages File System.
[[0;32m  OK  [0m] Mounted Kernel Debug File System.
[[0;32m  OK  [0m] Started Uncomplicated firewall.
[[0;32m  OK  [0m] Started Create list of required staâ€¦vice nodes for the current kernel.
[[0;32m  OK  [0m] Started File System Check Daemon to report status.
         Starting Create Static Device Nodes in /dev...
         Starting Remount Root and Kernel File Systems...
         Mounting FUSE Control File System...
         Mounting Kernel Configuration File System...
         Starting Apply Kernel Variables...
[[0;32m  OK  [0m] Mounted Kernel Configuration File System.
[[0;32m  OK  [0m] Mounted FUSE Control File System.
[[0;32m  OK  [0m] Started LVM2 metadata daemon.
[[0;32m  OK  [0m] Started Journal Service.
[[0;32m  OK  [0m] Started Create Static Device Nodes in /dev.
[[0;32m  OK  [0m] Started Apply Kernel Variables.
[[0;32m  OK  [0m] Started udev Coldplug all Devices.
[[0;32m  OK  [0m] Started Remount Root and Kernel File Systems.
         Starting udev Kernel Device Manager...
         Starting Load/Save Random Seed...
         Starting Flush Journal to Persistent Storage...
[[0;32m  OK  [0m] Started Monitoring of LVM2 mirrors,â€¦sing dmeventd or progress polling.
[[0;32m  OK  [0m] Started Load/Save Random Seed.
[[0;32m  OK  [0m] Started udev Kernel Device Manager.
[[0;32m  OK  [0m] Started Flush Journal to Persistent Storage.
[[0;32m  OK  [0m] Found device /dev/ttyS0.
[[0;32m  OK  [0m] Listening on Load/Save RF Kill Switch Status /dev/rfkill Watch.
[[0;32m  OK  [0m] Started Set the console keyboard layout.
[[0;32m  OK  [0m] Started Dispatch Password Requests to Console Directory Watch.
[[0;32m  OK  [0m] Reached target Local Encrypted Volumes.
[[0;32m  OK  [0m] Reached target Local File Systems (Pre).
[[0;32m  OK  [0m] Reached target Local File Systems.
         Starting Set console font and keymap...
         Starting Commit a transient machine-id on disk...
         Starting ebtables ruleset management...
         Starting Create Volatile Files and Directories...
         Starting Tell Plymouth To Write Out Runtime Data...
         Starting AppArmor initialization...
[[0;32m  OK  [0m] Started Tell Plymouth To Write Out Runtime Data.
[[0;32m  OK  [0m] Started Create Volatile Files and Directories.
         Starting Update UTMP about System Boot/Shutdown...
[[0;32m  OK  [0m] Started Update UTMP about System Boot/Shutdown.
[[0;32m  OK  [0m] Started Commit a transient machine-id on disk.
         Mounting Arbitrary Executable File Formats File System...
[[0;32m  OK  [0m] Mounted Arbitrary Executable File Formats File System.
[[0;32m  OK  [0m] Started ebtables ruleset management.
[[0;32m  OK  [0m] Started AppArmor initialization.
         Starting Initial cloud-init job (pre-networking)...
         Starting Load AppArmor profiles managed internally by snapd...
[[0;32m  OK  [0m] Started Load AppArmor profiles managed internally by snapd.
[[0;32m  OK  [0m] Started Set console font and keymap.
[   35.057193] cloud-init[762]: Cloud-init v. 23.1.2-0ubuntu0~18.04.1 running 'init-local' at Fri, 01 Sep 2023 10:37:34 +0000. Up 34.00 seconds.
[[0;32m  OK  [0m] Started Initial cloud-init job (pre-networking).
[[0;32m  OK  [0m] Reached target Network (Pre).
         Starting Network Service...
[[0;32m  OK  [0m] Started Network Service.
         Starting Wait for Network to be Configured...
         Starting Network Name Resolution...
[[0;32m  OK  [0m] Started Network Name Resolution.
[[0;32m  OK  [0m] Reached target Network.
[[0;32m  OK  [0m] Reached target Host and Network Name Lookups.
[[0;32m  OK  [0m] Started Wait for Network to be Configured.
         Starting Initial cloud-init job (metadata service crawler)...
[   38.344989] cloud-init[918]: Cloud-init v. 23.1.2-0ubuntu0~18.04.1 running 'init' at Fri, 01 Sep 2023 10:37:38 +0000. Up 37.96 seconds.
[   38.366804] cloud-init[918]: ci-info: ++++++++++++++++++++++++++++++++++++++Net device info+++++++++++++++++++++++++++++++++++++++
[   38.382626] cloud-init[918]: ci-info: +--------+-------+----------------------------+---------------+--------+-------------------+
[   38.398168] cloud-init[918]: ci-info: | Device |   Up  |          Address           |      Mask     | Scope  |     Hw-Address    |
[   38.415009] cloud-init[918]: ci-info: +--------+-------+----------------------------+---------------+--------+-------------------+
[   38.433452] cloud-init[918]: ci-info: | enp0s3 |  True |         10.0.2.15          | 255.255.255.0 | global | 02:3b:7b:b7:3b:2d |
[   38.450995] cloud-init[918]: ci-info: | enp0s3 |  True | fe80::3b:7bff:feb7:3b2d/64 |       .       |  link  | 02:3b:7b:b7:3b:2d |
[   38.469452] cloud-init[918]: ci-info: | enp0s8 | False |             .              |       .       |   .    | 08:00:27:f1:87:23 |
[   38.486630] cloud-init[918]: ci-info: |   lo   |  True |         127.0.0.1          |   255.0.0.0   |  host  |         .         |
[   38.505051] cloud-init[918]: ci-info: |   lo   |  True |          ::1/128           |       .       |  host  |         .         |
[   38.521873] cloud-init[918]: ci-info: +--------+-------+----------------------------+---------------+--------+-------------------+
[   38.538558] cloud-init[918]: ci-info: ++++++++++++++++++++++++++++Route IPv4 info+++++++++++++++++++++++++++++
[   38.551901] cloud-init[918]: ci-info: +-------+-------------+----------+-----------------+-----------+-------+
[   38.562662] cloud-init[918]: ci-info: | Route | Destination | Gateway  |     Genmask     | Interface | Flags |
[   38.574623] cloud-init[918]: ci-info: +-------+-------------+----------+-----------------+-----------+-------+
[   38.589503] cloud-init[918]: ci-info: |   0   |   0.0.0.0   | 10.0.2.2 |     0.0.0.0     |   enp0s3  |   UG  |
[   38.602766] cloud-init[918]: ci-info: |   1   |   10.0.2.0  | 0.0.0.0  |  255.255.255.0  |   enp0s3  |   U   |
[   38.618201] cloud-init[918]: ci-info: |   2   |   10.0.2.2  | 0.0.0.0  | 255.255.255.255 |   enp0s3  |   UH  |
[   38.633447] cloud-init[918]: ci-info: +-------+-------------+----------+-----------------+-----------+-------+
[   38.650228] cloud-init[918]: ci-info: +++++++++++++++++++Route IPv6 info+++++++++++++++++++
[   38.662385] cloud-init[918]: ci-info: +-------+-------------+---------+-----------+-------+
[   38.674424] cloud-init[918]: ci-info: | Route | Destination | Gateway | Interface | Flags |
[   38.687596] cloud-init[918]: ci-info: +-------+-------------+---------+-----------+-------+
[   38.699047] cloud-init[918]: ci-info: |   1   |  fe80::/64  |    ::   |   enp0s3  |   U   |
[   38.709464] cloud-init[918]: ci-info: |   3   |    local    |    ::   |   enp0s3  |   U   |
[   38.717736] cloud-init[918]: ci-info: |   4   |   ff00::/8  |    ::   |   enp0s3  |   U   |
[   38.725634] cloud-init[918]: ci-info: +-------+-------------+---------+-----------+-------+
[   41.291455] cloud-init[918]: Generating public/private rsa key pair.
[   41.308625] cloud-init[918]: Your identification has been saved in /etc/ssh/ssh_host_rsa_key.
[   41.333286] cloud-init[918]: Your public key has been saved in /etc/ssh/ssh_host_rsa_key.pub.
[   41.356232] cloud-init[918]: The key fingerprint is:
[   41.369375] cloud-init[918]: SHA256:z53tQ+aeSSejCm75PGEVNufGHJ2//qpyGobQH4yApEg root@ubuntu-bionic
[   41.392031] cloud-init[918]: The key's randomart image is:[[0;32m  OK  [0m] Started Initial cloud-init job (metadata service crawler).
[[0;32m  OK  [0m] Reached target System Initialization.
[[0;32m  OK  [0m] Listening on Open-iSCSI iscsid Socket.
[[0;32m  OK  [0m] Listening on D-Bus System Message Bus Socket.
         Starting Socket activation for snappy daemon.
[[0;32m  OK  [0m] Listening on UUID daemon activation socket.
[[0;32m  OK  [0m] Listening on cloud-init hotplug hook socket.
         Starting LXD - unix socket.
[[0;32m  OK  [0m] Started ACPI Events Check.
[[0;32m  OK  [0m] Reached target Paths.
[[0;32m  OK  [0m] Started Daily apt download activities.
[[0;32m  OK  [0m] Started Daily apt upgrade and clean activities.
[[0;32m  OK  [0m] Started Daily Cleanup of Temporary Directories.
[[0;32m  OK  [0m] Listening on ACPID Listen Socket.
[[0;32m  OK  [0m] Started Ubuntu Advantage Timer for running repeated jobs.
[[0;32m  OK  [0m] Started Message of the Day.
[[0;32m  OK  [0m] Started Discard unused blocks once a week.
[[0;32m  OK  [0m] Reached target Timers.
[[0;32m  OK  [0m] Reached target Network is Online.
         Starting Availability of block devices...
[[0;32m  OK  [0m] Reached target Remote File Systems (Pre).
[[0;32m  OK  [0m] Reached target Remote File Systems.
[[0;32m  OK  [0m] Reached target Cloud-config availability.
[[0;32m  OK  [0m] Listening on Socket activation for snappy daemon.
[[0;32m  OK  [0m] Listening on LXD - unix socket.
[[0;32m  OK  [0m] Reached target Sockets.
[[0;32m  OK  [0m] Reached target Basic System.
         Starting System Logging Service...
         Starting LXD - container startup/shutdown...
         Starting LSB: Record successful boot for GRUB...
         Starting LSB: automatic crash report generation...
[[0;32m  OK  [0m] Started D-Bus System Message Bus.

[   41.609819] cloud-init[918]: +---[RSA 2048]----+
[   41.620452] cloud-init[918]: | E  .          ..|
[   41.633117] cloud-init[918]: |.. o .      + o..|
[   41.644121] cloud-init[918]: |. . . .    . B ..|
[   41.665852] cloud-init[918]: |       o o  . = .|
[   41.685283] cloud-init[918]: |      . S o. .  .|
[   41.710250] cloud-init[918]: |       . =oo oo. |
[   41.739432] cloud-init[918]: |        oo*.o+* .|
[   41.769077] cloud-init[918]: |       .o+o..+oB |
[   41.786792] cloud-init[918]: |       ...=*oo*oo|
[   41.816140] cloud-init[918]: +----[SHA256]-----+
[   41.853069] cloud-init[918]: Generating public/private dsa key pair.
[   41.873826] cloud-init[918]: Your identification has been saved in /etc/ssh/ssh_host_dsa_key.         Starting Pollinate to seed the pseudo random number generator...
[[0;32m  OK  [0m] Started Deferred execution scheduler.
         Starting Permit User Sessions...
         Starting Dispatcher daemon for systemd-networkd...
         
Starting Virtualbox guest utils...
[   41.956011] cloud-init         Starting Login Service...
[[0;32m  OK  [0m] Started FUSE filesystem for LXC.
         Starting Accounts Service...
[918]: Your public key has been saved in /etc/ssh/ssh_host_dsa_key.pub.
[   42.080708] [[0;32m  OK  [0m] Started Regular background program processing daemon.
cloud-init[918]: The key fingerprint is:[[0;32m  OK  [0m] Reached target Login Prompts (Pre).

[   42.149993] cloud-init[918]: SHA256:guS1b9qnXc+2RECPXOCuoyOOcXmMMaHv0slSop3pna0 root@ubuntu-bionic
[   42.201383] cloud-init[918]: [[0;32m  OK  [0m] Started irqbalance daemon.
The key's randomart image is:
[   42.227360] cloud-init[918]: +---[DSA 1024]----+
[   42.248900] cloud-init[918]: |            o..  |
[   42.274219] cloud-init[918]: |           + +   |
[   42.315290] cloud-init[918]: |    . o     = .  |
[   42.320987] cloud-init[918]: |   o + o   . .   |
[   42.324965] cloud-init[918]: |    + = S   . .  |
[   42.330172] cloud-init[918]: |    ...O   . .   |
[   42.338045] cloud-init[918]: |   o.B=.= o . .  |
         Starting Snap Daemon...
[[0;32m  OK  [0m] Started System Logging Service.
[[0;32m  OK  [0m] Started Availability of block devices.
[[0;32m  OK  [0m] Started Permit User Sessions.
[   42.346102] cloud-init[918]: |  . **=B.o.o +.  |
         Starting Terminate Plymouth Boot Screen...
[   42.425439] cloud-init[918]: |   .o+Eo=+.  .+. |
[   42.445821] cloud-init[918]: +----[SHA256]-----+
         Starting Hold until boot process finishes up...
[[0;32m  OK  [0m] Started Hold until boot process finishes up.
[[0;32m  OK  [0m] Started Serial Getty on ttyS0.
[   42.489616] cloud-init[918]: Generating public/private ecdsa key pair.
         Starting Set console scheme...
[   42.510041] cloud-init[918]: Your identification has been saved in /etc/ssh/ssh_host_ecdsa_key.
[   42.536046] cloud-init[918]: Your public key has been saved in /etc/ssh/ssh_host_ecdsa_key.pub.
[   42.549456] cloud-init[918]: The key fingerprint is:
[   42.557935] cloud-init[918]: SHA256:qhXPRsp/iKx934dRuvLrPSFBNq4MPaAAOjbN/IsJ3xM root@ubuntu-bionic
[   42.566109] cloud-init[918]: The key's randomart image is:
[   42.573385] cloud-init[918]: +---[ECDSA 256]---+
[   42.580843] cloud-init[918]: |  ..             |
[   42.589436] cloud-init[918]: | .+ .   .   +    |
[   42.598881] cloud-init[918]: |oo + . . o + .   |
[   42.623653] cloud-init[918]: |... . . . o o .  |
[   42.637427] cloud-init[918]: | .   E. So o +   |
[   42.647795] cloud-init[918]: |  o +.oB  o + .  |
[   42.657875] cloud-init[918]: |   + ==.+.   = . |
[[0;32m  OK  [0m] Started Login Service.
[[0;32m  OK  [0m] Started Terminate Plymouth Boot Screen.
[[0;32m  OK  [0m] Started Unattended Upgrades Shutdown.
[   42.741287] cloud-init[918]: |     ++oo o.o.o  |
[   42.750428] cloud-init[918]: |    o....o.+=o.. |
[   42.758528] cloud-init[918]: +----[SHA256]-----+
[   42.765418] cloud-init[918]: Generating public/private ed25519 key pair.
[   42.774396] cloud-init[918]: Your identification has been saved in /etc/ssh/ssh_host_ed25519_key.
[[0;32m  OK  [0m] Started Set console scheme.
[[0;32m  OK  [0m] Created slice system-getty.slice.
[[0;32m  OK  [0m] Started Getty on tty1.
[[0;32m  OK  [0m] Reached target Login Prompts.
[   42.797667] cloud-init[918]: Your public key has been saved in /etc/ssh/ssh_host_ed25519_key.pub.
[   42.858309] cloud-init[918]: The key fingerprint is:
[   42.869094] cloud-init[918]: SHA256:YIkmq0wapuSDfhlFb7eTKvuVLEy598NUZTEnG4LiBnI root@ubuntu-bionic
[   42.883872] cloud-init[918]: The key's randomart image is:
         Starting Authorization Manager...
[   42.896052] cloud-init[918]: +--[ED25519 256]--+
[   42.914830] cloud-init[918]: |           .. ooo|
[   42.924376] cloud-init[918]: |    .oE.. .  . *o|
[   42.929122] cloud-init[918]: |  . +o=o .    +  |
[   42.936078] cloud-init[918]: |   + o ++.   .   |
[   42.952074] cloud-init[918]: |.+. . .+S o .    |
[   42.967807] cloud-init[918]: |Xo .  o o+..     |
[   42.976890] cloud-init[918]: |=+  o  +.=+      |
[   42.987040] cloud-init[918]: |. .o . .+ .o     |
[[0;32m  OK  [0m] Started LSB: Record successful boot for GRUB.
[   43.013817] cloud-init[918]: | ..  .+.   ..    |
[   43.029895] cloud-init[918]: +----[SHA256]-----+
[[0;32m  OK  [0m] Started LSB: automatic crash report generation.
[[0;32m  OK  [0m] Started Authorization Manager.
[[0;32m  OK  [0m] Started Accounts Service.
[[0;32m  OK  [0m] Started LXD - container startup/shutdown.
[[0;32m  OK  [0m] Started Virtualbox guest utils.
[[0;32m  OK  [0m] Started Dispatcher daemon for systemd-networkd.
[[0;32m  OK  [0m] Started Pollinate to seed the pseudo random number generator.
         Starting OpenBSD Secure Shell server...
[[0;32m  OK  [0m] Started Snap Daemon.
         Starting Wait until snapd is fully seeded...
[[0;32m  OK  [0m] Started OpenBSD Secure Shell server.
[[0;32m  OK  [0m] Created slice User Slice of vagrant.
         Starting User Manager for UID 1000...
[[0;32m  OK  [0m] Started Session 1 of user vagrant.
[[0;32m  OK  [0m] Started User Manager for UID 1000.

Ubuntu 18.04.6 LTS ubuntu-bionic ttyS0

ubuntu-bionic login: [   57.666631] cloud-init[1532]: Cloud-init v. 23.1.2-0ubuntu0~18.04.1 running 'modules:config' at Fri, 01 Sep 2023 10:37:57 +0000. Up 56.42 seconds.
ci-info: no authorized SSH keys fingerprints found for user ubuntu.
<14>Sep  1 10:38:00 cloud-init: #############################################################
<14>Sep  1 10:38:00 cloud-init: -----BEGIN SSH HOST KEY FINGERPRINTS-----
<14>Sep  1 10:38:00 cloud-init: 1024 SHA256:guS1b9qnXc+2RECPXOCuoyOOcXmMMaHv0slSop3pna0 root@ubuntu-bionic (DSA)
<14>Sep  1 10:38:00 cloud-init: 256 SHA256:qhXPRsp/iKx934dRuvLrPSFBNq4MPaAAOjbN/IsJ3xM root@ubuntu-bionic (ECDSA)
<14>Sep  1 10:38:00 cloud-init: 256 SHA256:YIkmq0wapuSDfhlFb7eTKvuVLEy598NUZTEnG4LiBnI root@ubuntu-bionic (ED25519)
<14>Sep  1 10:38:00 cloud-init: 2048 SHA256:z53tQ+aeSSejCm75PGEVNufGHJ2//qpyGobQH4yApEg root@ubuntu-bionic (RSA)
<14>Sep  1 10:38:00 cloud-init: -----END SSH HOST KEY FINGERPRINTS-----
<14>Sep  1 10:38:00 cloud-init: #############################################################
-----BEGIN SSH HOST KEY KEYS-----
ecdsa-sha2-nistp256 AAAAE2VjZHNhLXNoYTItbmlzdHAyNTYAAAAIbmlzdHAyNTYAAABBBMqz7bogUfvkqLXOFvlf/SNeB88fmxLl1UZkQepyfLwKTbvSTIMORa/ire2VldBGIeJ+zli5MUJrxLNRw1Omxt0= root@ubuntu-bionic
ssh-ed25519 AAAAC3NzaC1lZDI1NTE5AAAAIEenm/6G8BGQyr6Htd/mDAqlSivCwUBR5EeeNXOdvRSD root@ubuntu-bionic
ssh-rsa AAAAB3NzaC1yc2EAAAADAQABAAABAQCnMZKCV1uiyE9oA1uvdDdutCgH3HG6+dXM6756hTYvlGqMmzMfvxqdXLOUo/sd2cNWHohnrqsKlJQxCxRzbGHmaAECKmktwO0mxUjR1zr/vz1tKmpq3ByCj+duRBpxnUZP1rqT8kzxQKxb4j2UWUnmKX0aumoDwGoHnE0X1zeIzB2iHU33TTUEU+gM5FY5gNBbo2XWniCiy5pRsdI68FFDt0DMq/UwZXVTCIxG4CyCi3kuDLia8C0MWrKRHBddx2eetdmrWNJUPNLmZ+3zxlfsyDJjWBUishJcRpKyZ0c49KHZwBOXbrx/pfWY/T9trOJK7JSb8v24Zvh6CtZQJEcx root@ubuntu-bionic
-----END SSH HOST KEY KEYS-----
[   59.802007] cloud-init[1666]: Cloud-init v. 23.1.2-0ubuntu0~18.04.1 running 'modules:final' at Fri, 01 Sep 2023 10:38:00 +0000. Up 59.07 seconds.
[   59.811471] cloud-init[1666]: Cloud-init v. 23.1.2-0ubuntu0~18.04.1 finished at Fri, 01 Sep 2023 10:38:00 +0000. Datasource DataSourceNoCloud [seed=/dev/sdb][dsmode=net].  Up 59.65 seconds
[ 1240.552022] INFO: rcu_sched self-detected stall on CPU
[ 1240.554539] INFO: rcu_sched self-detected stall on CPU
[ 1240.560352] 	1-...!: (1 ticks this GP) idle=3c2/140000000000001/0 softirq=61042/61042 fqs=0 
[ 1240.580086] 	 (t=197901 jiffies g=20720 c=20719 q=91)
[ 1240.580178] 	0-...!: (1 ticks this GP) idle=c7a/1/0 softirq=67795/67795 fqs=0 
[ 1240.588281] rcu_sched kthread starved for 197901 jiffies! g20720 c20719 f0x0 RCU_GP_WAIT_FQS(3) ->state=0x402 ->cpu=1
[ 1240.599602] 	 (t=197901 jiffies g=20720 c=20719 q=91)
[ 1240.634579] rcu_sched kthread starved for 197901 jiffies! g20720 c20719 f0x0 RCU_GP_WAIT_FQS(3) ->state=0x402 ->cpu=1
[12866.465136] INFO: rcu_sched detected stalls on CPUs/tasks:
[12866.480115] 	(detected by 1, t=141263 jiffies, g=62798, c=62797, q=108)
[12866.494974] All QSes seen, last rcu_sched kthread activity 141263 (4298108859-4297967596), jiffies_till_next_fqs=1, root ->qsmask 0x0
[12866.517280] rcu_sched kthread starved for 141263 jiffies! g62798 c62797 f0x2 RCU_GP_WAIT_FQS(3) ->state=0x200 ->cpu=1
[13894.770944] INFO: rcu_sched detected stalls on CPUs/tasks:
[13894.779312] 	0-...!: (3 GPs behind) idle=1ca/140000000000000/0 softirq=198174/198174 fqs=1 
[13894.798608] 	(detected by 1, t=27329 jiffies, g=69574, c=69573, q=3124)
[13894.814343] rcu_sched kthread starved for 23466 jiffies! g69574 c69573 f0x0 RCU_GP_WAIT_FQS(3) ->state=0x402 ->cpu=0
[14888.861227] INFO: rcu_sched detected stalls on CPUs/tasks:
[14888.869798] 	(detected by 1, t=34763 jiffies, g=76080, c=76079, q=64)
[14888.883868] All QSes seen, last rcu_sched kthread activity 34761 (4298614450-4298579689), jiffies_till_next_fqs=1, root ->qsmask 0x0
[14888.913838] rcu_sched kthread starved for 34761 jiffies! g76080 c76079 f0x2 RCU_GP_WAIT_FQS(3) ->state=0x200 ->cpu=1
[18952.220024] INFO: rcu_sched self-detected stall on CPU
[18952.222303] INFO: rcu_sched self-detected stall on CPU
[18952.230940] 	0-...!: (1 ticks this GP) idle=106/140000000000001/0 softirq=267235/267235 fqs=0 
[18952.254320] 	 (t=187113 jiffies g=106440 c=106439 q=288)
[18952.254460] 	1-...!: (1 GPs behind) idle=226/140000000000001/0 softirq=251608/251609 fqs=0 
[18952.264628] rcu_sched kthread starved for 187113 jiffies! g106440 c106439 f0x0 RCU_GP_WAIT_FQS(3) ->state=0x402 ->cpu=0
[18952.278882] 	 (t=187113 jiffies g=106440 c=106439 q=288)
[18952.400336] rcu_sched kthread starved for 187113 jiffies! g106440 c106439 f0x0 RCU_GP_WAIT_FQS(3) ->state=0x402 ->cpu=0
